npm warn Unknown env config "http-proxy". This will stop working in the next major version of npm.

> chainspot@0.0.1 build:staging
> npm run build --workspace @chainspot/alg && node scripts/build-staging.mjs

npm warn Unknown env config "http-proxy". This will stop working in the next major version of npm.

> @chainspot/alg@0.0.1 build
> tsc -p tsconfig.json && node scripts/copy-assets.mjs

copied detectors/labEndpoint/assets/basket-sprite.json
copied detectors/labEndpoint/assets/logistic.json
copied detectors/threeFactor/assets/badge-glyph-templates.json
copied detectors/threeFactor/assets/basket-sprite.json
copied detectors/threeFactor/assets/logistic.json
copied detectors/threeFactor/configs/badge-glyph-template-on.json
copied detectors/threeFactor/configs/badge-m2-aa-on.json
copied detectors/threeFactor/configs/clean-basket-family-on.json
copied detectors/threeFactor/configs/default.json
copied detectors/threeFactor/configs/family-on.json
copied detectors/threeFactor/configs/phantom-tee-on.json
copied detectors/threeFactor/configs/posterior-tee-recovery-on.json
copied detectors/threeFactor/configs/straight-test-on.json
copied detectors/threeFactor/configs/straight-test-truth-assisted-compare.json
copied detectors/threeFactor/configs/tbs-four-lane-sensor-on.json
copied detectors/threeFactor/configs/tee-badge-lock-on.json
copied detectors/threeFactor/configs/tee-family-on.json
copied detectors/threeFactor/configs/tee-min-area-pose-on.json
copied detectors/threeFactor/configs/tee-recovery-on.json
copied detectors/threeFactor/configs/tee-recovery-phantom-on.json
copied detectors/threeFactor/configs/threeFactor-config.schema.json
copied detectors/threeFactor/configs/zfit-on.json
copied stages/S0/clean/S0.pcr.yaml
copied stages/S0/clean/S0.stage.yaml
copied stages/S1/exp/badge-assembly/PrincipleComponentRender.yaml
S0_VIEWER FullImage=1290x2091 CroppedImage=1290x2083 source=1231cdc69420c69c47b4708e877a631155bab162
Your tsconfig.json should extend the configuration generated by SvelteKit:
{
  "extends": "./.svelte-kit-lab/tsconfig.json"
}
vite v6.4.3 building SSR bundle for production...
transforming...
✓ 269 modules transformed.
rendering chunks...
Your tsconfig.json should extend the configuration generated by SvelteKit:
{
  "extends": "./.svelte-kit-lab/tsconfig.json"
}
vite v6.4.3 building for production...
transforming...
✓ 722 modules transformed.
rendering chunks...
computing gzip size...
.svelte-kit-lab/output/client/_app/version.json                                                 0.03 kB │ gzip:     0.05 kB
.svelte-kit-lab/output/client/.vite/manifest.json                                               8.45 kB │ gzip:     1.27 kB
.svelte-kit-lab/output/client/_app/immutable/workers/threeFactor.worker-DjRMRYj1.js           520.85 kB
.svelte-kit-lab/output/client/_app/immutable/assets/duckdb-browser-eh.worker.hQa-dcAV.js      772.76 kB
.svelte-kit-lab/output/client/_app/immutable/assets/duckdb-browser-mvp.worker.C9hF7LGh.js     844.64 kB
.svelte-kit-lab/output/client/_app/immutable/assets/duckdb-eh.9ubY-jlA.wasm                34,242.59 kB │ gzip: 7,712.13 kB
.svelte-kit-lab/output/client/_app/immutable/assets/duckdb-mvp.BP0pRkMH.wasm               39,362.65 kB │ gzip: 8,779.31 kB
.svelte-kit-lab/output/client/_app/immutable/assets/5.D59d9pvc.css                              0.16 kB │ gzip:     0.12 kB
.svelte-kit-lab/output/client/_app/immutable/assets/2.DGjp3Z01.css                              4.25 kB │ gzip:     1.24 kB
.svelte-kit-lab/output/client/_app/immutable/assets/4.CxiOTz0e.css                              5.73 kB │ gzip:     1.39 kB
.svelte-kit-lab/output/client/_app/immutable/assets/6.C3jD6CqO.css                              5.93 kB │ gzip:     1.64 kB
.svelte-kit-lab/output/client/_app/immutable/chunks/DwYxSMLH.js                                 0.23 kB │ gzip:     0.20 kB
.svelte-kit-lab/output/client/_app/immutable/chunks/BTEYx8jn.js                                 0.40 kB │ gzip:     0.29 kB
.svelte-kit-lab/output/client/_app/immutable/nodes/0.C0Dd1rSz.js                                0.46 kB │ gzip:     0.33 kB
.svelte-kit-lab/output/client/_app/immutable/chunks/COqb16UF.js                                 0.46 kB │ gzip:     0.31 kB
.svelte-kit-lab/output/client/_app/immutable/nodes/1.BPXdjRdR.js                                0.50 kB │ gzip:     0.32 kB
.svelte-kit-lab/output/client/_app/immutable/chunks/m1fgU-qF.js                                 0.72 kB │ gzip:     0.47 kB
.svelte-kit-lab/output/client/_app/immutable/chunks/BbDL9bWw.js                                 0.93 kB │ gzip:     0.57 kB
.svelte-kit-lab/output/client/_app/immutable/chunks/CFIsRjmV.js                                 1.26 kB │ gzip:     0.72 kB
.svelte-kit-lab/output/client/_app/immutable/chunks/Dp1pzeXC.js                                 1.27 kB │ gzip:     0.73 kB
.svelte-kit-lab/output/client/_app/immutable/chunks/wbPk3Yxo.js                                 1.37 kB │ gzip:     0.66 kB
.svelte-kit-lab/output/client/_app/immutable/chunks/BEGctqN-.js                                 1.44 kB │ gzip:     0.73 kB
.svelte-kit-lab/output/client/_app/immutable/chunks/BClWREuh.js                                 1.69 kB │ gzip:     0.87 kB
.svelte-kit-lab/output/client/_app/immutable/chunks/BBfDg1zV.js                                 2.25 kB │ gzip:     0.99 kB
.svelte-kit-lab/output/client/_app/immutable/nodes/5.CduOkQCn.js                                4.30 kB │ gzip:     1.90 kB
.svelte-kit-lab/output/client/_app/immutable/chunks/CaLuTDYA.js                                 5.63 kB │ gzip:     2.62 kB
.svelte-kit-lab/output/client/_app/immutable/entry/app.C8KLb58o.js                              6.09 kB │ gzip:     2.61 kB
.svelte-kit-lab/output/client/_app/immutable/nodes/2.DnNL9sZs.js                                6.31 kB │ gzip:     2.43 kB
.svelte-kit-lab/output/client/_app/immutable/chunks/DYrvbhW6.js                                 6.90 kB │ gzip:     3.13 kB
.svelte-kit-lab/output/client/_app/immutable/chunks/B2Ywb5sk.js                                 8.59 kB │ gzip:     3.64 kB
.svelte-kit-lab/output/client/_app/immutable/chunks/BxvHTqBY.js                                27.98 kB │ gzip:    10.68 kB
.svelte-kit-lab/output/client/_app/immutable/entry/start.4Brk2LFD.js                           29.47 kB │ gzip:    11.21 kB
.svelte-kit-lab/output/client/_app/immutable/nodes/4.DJz9za87.js                               50.63 kB │ gzip:    17.42 kB
.svelte-kit-lab/output/client/_app/immutable/chunks/C10X7gvB.js                               105.44 kB │ gzip:    32.64 kB
.svelte-kit-lab/output/client/_app/immutable/chunks/ChYUs9pT.js                               193.92 kB │ gzip:    45.81 kB
.svelte-kit-lab/output/client/_app/immutable/nodes/3.BX6GS-_z.js                              244.14 kB │ gzip:    59.44 kB
.svelte-kit-lab/output/client/_app/immutable/nodes/6.VHNW1EUQ.js                              475.23 kB │ gzip:   130.59 kB
.svelte-kit-lab/output/client/_app/immutable/chunks/-LYplRHI.js                               496.80 kB │ gzip:   137.02 kB
✓ built in 10.21s
Your tsconfig.json should extend the configuration generated by SvelteKit:
{
  "extends": "./.svelte-kit-lab/tsconfig.json"
}
.svelte-kit-lab/output/server/.vite/manifest.json                                               6.05 kB
.svelte-kit-lab/output/server/_app/immutable/assets/duckdb-browser-eh.worker.hQa-dcAV.js      772.76 kB
.svelte-kit-lab/output/server/_app/immutable/assets/duckdb-browser-mvp.worker.C9hF7LGh.js     844.64 kB
.svelte-kit-lab/output/server/_app/immutable/assets/duckdb-eh.9ubY-jlA.wasm                34,242.59 kB
.svelte-kit-lab/output/server/_app/immutable/assets/duckdb-mvp.BP0pRkMH.wasm               39,362.65 kB
.svelte-kit-lab/output/server/_app/immutable/assets/_page.D59d9pvc.css                          0.16 kB
.svelte-kit-lab/output/server/_app/immutable/assets/_page.FoBUIezr.css                          0.34 kB
.svelte-kit-lab/output/server/_app/immutable/assets/_page.DGjp3Z01.css                          4.25 kB
.svelte-kit-lab/output/server/_app/immutable/assets/_page.BSb3ffqd.css                          5.71 kB
.svelte-kit-lab/output/server/entries/pages/_layout.ts.js                                       0.05 kB
.svelte-kit-lab/output/server/entries/pages/_layout.svelte.js                                   0.17 kB
.svelte-kit-lab/output/server/chunks/internal.js                                                0.19 kB
.svelte-kit-lab/output/server/env.js                                                            0.23 kB
.svelte-kit-lab/output/server/entries/pages/map-round/_page.svelte.js                           0.37 kB
.svelte-kit-lab/output/server/internal.js                                                       0.40 kB
.svelte-kit-lab/output/server/chunks/server.js                                                  0.45 kB
.svelte-kit-lab/output/server/entries/fallbacks/error.svelte.js                                 1.02 kB
.svelte-kit-lab/output/server/chunks/utils2.js                                                  1.09 kB
.svelte-kit-lab/output/server/chunks/pcrInspectionPlan.js                                       1.40 kB
.svelte-kit-lab/output/server/entries/pages/_page.server.js                                     2.38 kB
.svelte-kit-lab/output/server/chunks/exports.js                                                 2.39 kB
.svelte-kit-lab/output/server/chunks/url.js                                                     3.16 kB
.svelte-kit-lab/output/server/chunks/internal2.js                                               3.20 kB
.svelte-kit-lab/output/server/entries/pages/lab/_page.svelte.js                                 5.02 kB
.svelte-kit-lab/output/server/entries/pages/_page.svelte.js                                     5.41 kB
.svelte-kit-lab/output/server/entries/pages/lab/pcr/_page.server.ts.js                         10.21 kB
.svelte-kit-lab/output/server/entries/pages/lab/pcr/_page.svelte.js                            26.76 kB
.svelte-kit-lab/output/server/chunks/utils.js                                                  34.22 kB
.svelte-kit-lab/output/server/remote-entry.js                                                  36.85 kB
.svelte-kit-lab/output/server/chunks/root.js                                                  124.22 kB
.svelte-kit-lab/output/server/index.js                                                        132.25 kB
.svelte-kit-lab/output/server/entries/pages/parts/_page.svelte.js                             650.20 kB
✓ built in 39.84s

Run npm run preview to preview your production build locally.

> Using @sveltejs/adapter-static
  Wrote site to "build"
  ✔ done
STAGING_LAB_PRESENT build/lab.html build/lab/pcr.html
